uttar_pradesh,amethi_arto,2023,E2W
uttar_pradesh,arto_office_rampur,2023,E2W
uttar_pradesh,ayodhya_rto,2023,E2W
bihar,bhagalpur_rta,2023,L3G
bihar,kishanganj,2023,L3G
bihar,lakhisarai,2023,L3G
bihar,madhepura,2023,L3G
bihar,madhubani,2023,L3G
bihar,motihari,2023,L3G
bihar,m_s_murari_auto_patna,2023,L3G
bihar,munger,2023,L3G
bihar,munger_rta,2023,L3G
bihar,muzaffarpur,2023,L3G
bihar,muzaffarpur_rta,2023,L3G
bihar,nalanda,2023,L3G
bihar,nawada,2023,L3G
bihar,patna,2023,L3G
bihar,patna_rta,2023,L3G
bihar,purnea,2023,L3G
bihar,purnea_rta,2023,L3G
bihar,rohtas,2023,L3G
bihar,saharsa,2023,L3G
bihar,saharsa_rta,2023,L3G
bihar,samastipur,2023,L3G
bihar,sheikhpura,2023,L3G
bihar,sheohar,2023,L3G
bihar,sitamarhi,2023,L3G
bihar,siwan,2023,L3G
bihar,sta_bihar,2023,L3G
bihar,supaul,2023,L3G
bihar,vaishali,2023,L3G
bihar,araria,2023,L5P
bihar,arawal,2023,L5P
bihar,aurangabad,2023,L5P
bihar,banka,2023,L5P
bihar,begusarai,2023,L5P
bihar,bettiah,2023,L5P
bihar,bhabhua,2023,L5P
bihar,bhagalpur,2023,L5P
bihar,bhagalpur_rta,2023,L5P
bihar,bhojpur,2023,L5P
bihar,buxur,2023,L5P
bihar,chapara,2023,L5P
bihar,chapra_rta,2023,L5P
bihar,darbhanga,2023,L5P
bihar,darbhanga_rta,2023,L5P
bihar,gaya,2023,L5P
bihar,gaya_rta,2023,L5P
bihar,gopalganj,2023,L5P
bihar,jamui,2023,L5P
bihar,jehanabad,2023,L5P
bihar,katihar,2023,L5P
bihar,khagaria,2023,L5P
bihar,kishanganj,2023,L5P
bihar,lakhisarai,2023,L5P
bihar,madhepura,2023,L5P
bihar,madhubani,2023,L5P
bihar,motihari,2023,L5P
bihar,m_s_murari_auto_patna,2023,L5P
bihar,munger,2023,L5P
bihar,munger_rta,2023,L5P
bihar,muzaffarpur,2023,L5P
bihar,muzaffarpur_rta,2023,L5P
bihar,nalanda,2023,L5P
bihar,nawada,2023,L5P
bihar,patna,2023,L5P
bihar,patna_rta,2023,L5P
bihar,purnea,2023,L5P
bihar,purnea_rta,2023,L5P
bihar,rohtas,2023,L5P
bihar,saharsa,2023,L5P
bihar,saharsa_rta,2023,L5P
bihar,samastipur,2023,L5P
bihar,sheikhpura,2023,L5P
bihar,sheohar,2023,L5P
bihar,sitamarhi,2023,L5P
bihar,siwan,2023,L5P
bihar,sta_bihar,2023,L5P
bihar,supaul,2023,L5P
bihar,vaishali,2023,L5P
bihar,araria,2023,L5G
bihar,arawal,2023,L5G
bihar,aurangabad,2023,L5G
bihar,banka,2023,L5G
bihar,begusarai,2023,L5G
bihar,bettiah,2023,L5G
bihar,bhabhua,2023,L5G
bihar,bhagalpur,2023,L5G
bihar,bhagalpur_rta,2023,L5G
bihar,bhojpur,2023,L5G
bihar,buxur,2023,L5G
bihar,chapara,2023,L5G
bihar,chapra_rta,2023,L5G
bihar,darbhanga,2023,L5G
bihar,darbhanga_rta,2023,L5G
bihar,gaya,2023,L5G
bihar,gaya_rta,2023,L5G
bihar,gopalganj,2023,L5G
bihar,jamui,2023,L5G
bihar,jehanabad,2023,L5G
bihar,katihar,2023,L5G
bihar,khagaria,2023,L5G
bihar,kishanganj,2023,L5G
bihar,lakhisarai,2023,L5G
bihar,madhepura,2023,L5G
bihar,madhubani,2023,L5G
bihar,motihari,2023,L5G
bihar,m_s_murari_auto_patna,2023,L5G
bihar,munger,2023,L5G
bihar,munger_rta,2023,L5G
bihar,muzaffarpur,2023,L5G
bihar,muzaffarpur_rta,2023,L5G
bihar,nalanda,2023,L5G
bihar,nawada,2023,L5G
bihar,patna,2023,L5G
bihar,patna_rta,2023,L5G
bihar,purnea,2023,L5G
bihar,purnea_rta,2023,L5G
bihar,rohtas,2023,L5G
bihar,saharsa,2023,L5G
bihar,saharsa_rta,2023,L5G
bihar,samastipur,2023,L5G
bihar,sheikhpura,2023,L5G
bihar,sheohar,2023,L5G
bihar,sitamarhi,2023,L5G
bihar,siwan,2023,L5G
bihar,sta_bihar,2023,L5G
bihar,supaul,2023,L5G
bihar,vaishali,2023,L5G
bihar,araria,2024,E2W
bihar,arawal,2024,E2W
bihar,aurangabad,2024,E2W
bihar,banka,2024,E2W
bihar,begusarai,2024,E2W
bihar,bettiah,2024,E2W
bihar,bhabhua,2024,E2W
bihar,bhagalpur,2024,E2W
bihar,bhagalpur_rta,2024,E2W
bihar,bhojpur,2024,E2W
bihar,buxur,2024,E2W
bihar,chapara,2024,E2W
bihar,chapra_rta,2024,E2W
bihar,darbhanga,2024,E2W
bihar,darbhanga_rta,2024,E2W
bihar,gaya,2024,E2W
bihar,gaya_rta,2024,E2W
bihar,gopalganj,2024,E2W
bihar,jamui,2024,E2W
bihar,jehanabad,2024,E2W
bihar,katihar,2024,E2W
bihar,khagaria,2024,E2W
bihar,kishanganj,2024,E2W
bihar,lakhisarai,2024,E2W
bihar,madhepura,2024,E2W
bihar,madhubani,2024,E2W
bihar,motihari,2024,E2W
bihar,m_s_murari_auto_patna,2024,E2W
bihar,munger,2024,E2W
bihar,munger_rta,2024,E2W
bihar,muzaffarpur,2024,E2W
bihar,muzaffarpur_rta,2024,E2W
bihar,nalanda,2024,E2W
bihar,nawada,2024,E2W
bihar,patna,2024,E2W
bihar,patna_rta,2024,E2W
bihar,purnea,2024,E2W
bihar,purnea_rta,2024,E2W
bihar,rohtas,2024,E2W
bihar,saharsa,2024,E2W
bihar,saharsa_rta,2024,E2W
bihar,samastipur,2024,E2W
bihar,sheikhpura,2024,E2W
bihar,sheohar,2024,E2W
bihar,sitamarhi,2024,E2W
bihar,siwan,2024,E2W
bihar,sta_bihar,2024,E2W
bihar,supaul,2024,E2W
bihar,vaishali,2024,E2W
bihar,araria,2024,L3P
bihar,arawal,2024,L3P
bihar,aurangabad,2024,L3P
bihar,banka,2024,L3P
bihar,begusarai,2024,L3P
bihar,bettiah,2024,L3P
bihar,bhabhua,2024,L3P
bihar,bhagalpur,2024,L3P
bihar,bhagalpur_rta,2024,L3P
bihar,bhojpur,2024,L3P
bihar,buxur,2024,L3P
bihar,chapara,2024,L3P
bihar,chapra_rta,2024,L3P
bihar,darbhanga,2024,L3P
bihar,darbhanga_rta,2024,L3P
bihar,gaya,2024,L3P
bihar,gaya_rta,2024,L3P
bihar,gopalganj,2024,L3P
bihar,jamui,2024,L3P
bihar,jehanabad,2024,L3P
bihar,katihar,2024,L3P
bihar,khagaria,2024,L3P
bihar,kishanganj,2024,L3P
bihar,lakhisarai,2024,L3P
bihar,madhepura,2024,L3P
bihar,madhubani,2024,L3P
bihar,motihari,2024,L3P
bihar,m_s_murari_auto_patna,2024,L3P
bihar,munger,2024,L3P
bihar,munger_rta,2024,L3P
bihar,muzaffarpur,2024,L3P
bihar,muzaffarpur_rta,2024,L3P
bihar,nalanda,2024,L3P
bihar,nawada,2024,L3P
bihar,patna,2024,L3P
bihar,patna_rta,2024,L3P
bihar,purnea,2024,L3P
bihar,purnea_rta,2024,L3P
bihar,rohtas,2024,L3P
bihar,saharsa,2024,L3P
bihar,saharsa_rta,2024,L3P
bihar,samastipur,2024,L3P
bihar,sheikhpura,2024,L3P
bihar,sheohar,2024,L3P
bihar,sitamarhi,2024,L3P
bihar,m_s_murari_auto_patna,2023,L3G
bihar,munger,2023,L3G
bihar,munger_rta,2023,L3G
bihar,muzaffarpur,2023,L3G
bihar,muzaffarpur_rta,2023,L3G
bihar,nalanda,2023,L3G
bihar,nawada,2023,L3G
bihar,patna,2023,L3G
bihar,patna_rta,2023,L3G
bihar,nawada,2023,L3G
bihar,patna,2023,L3G
bihar,purnea_rta,2023,L3G
bihar,supaul,2023,L3G
bihar,motihari,2023,L5P
bihar,sitamarhi,2023,L5P
bihar,siwan,2023,L5P
bihar,sta_bihar,2023,L5P
bihar,supaul,2023,L5P
bihar,araria,2023,L5G
bihar,arawal,2023,L5G
bihar,bhabhua,2023,L5G
bihar,chapra_rta,2023,L5G
bihar,darbhanga,2023,L5G
bihar,darbhanga_rta,2023,L5G
bihar,gaya,2023,L5G
bihar,gaya_rta,2023,L5G
bihar,gopalganj,2023,L5G
bihar,purnea_rta,2023,L5G
bihar,rohtas,2023,L5G
bihar,saharsa,2023,L5G
bihar,saharsa_rta,2023,L5G
bihar,samastipur,2023,L5G
bihar,sheikhpura,2023,L5G
bihar,sheohar,2023,L5G
bihar,sitamarhi,2023,L5G
bihar,siwan,2023,L5G
bihar,sta_bihar,2023,L5G
bihar,supaul,2023,L5G
bihar,vaishali,2023,L5G
bihar,araria,2024,E2W
bihar,arawal,2024,E2W
bihar,aurangabad,2024,E2W
bihar,banka,2024,E2W
bihar,begusarai,2024,E2W
bihar,bettiah,2024,E2W
bihar,bhabhua,2024,E2W
bihar,bhagalpur,2024,E2W
bihar,bhagalpur_rta,2024,E2W
bihar,bhojpur,2024,E2W
bihar,buxur,2024,E2W
bihar,chapara,2024,E2W
bihar,chapra_rta,2024,E2W
bihar,darbhanga,2024,E2W
bihar,darbhanga_rta,2024,E2W
bihar,gaya,2024,E2W
bihar,gaya_rta,2024,E2W
bihar,gopalganj,2024,E2W
bihar,jamui,2024,E2W
bihar,jehanabad,2024,E2W
bihar,katihar,2024,E2W
bihar,khagaria,2024,E2W
bihar,kishanganj,2024,E2W
bihar,lakhisarai,2024,E2W
bihar,madhepura,2024,E2W
bihar,madhubani,2024,E2W
bihar,motihari,2024,E2W
bihar,m_s_murari_auto_patna,2024,E2W
bihar,munger,2024,E2W
bihar,munger_rta,2024,E2W
bihar,muzaffarpur,2024,E2W
bihar,muzaffarpur_rta,2024,E2W
bihar,nalanda,2024,E2W
bihar,nawada,2024,E2W
bihar,patna,2024,E2W
bihar,patna_rta,2024,E2W
bihar,purnea,2024,E2W
bihar,purnea_rta,2024,E2W
bihar,rohtas,2024,E2W
bihar,saharsa,2024,E2W
bihar,saharsa_rta,2024,E2W
bihar,samastipur,2024,E2W
bihar,sheikhpura,2024,E2W
bihar,sheohar,2024,E2W
bihar,sitamarhi,2024,E2W
bihar,siwan,2024,E2W
bihar,sta_bihar,2024,E2W
bihar,supaul,2024,E2W
bihar,vaishali,2024,E2W
bihar,araria,2024,L3P
bihar,arawal,2024,L3P
bihar,aurangabad,2024,L3P
bihar,banka,2024,L3P
uttar_pradesh,agra_rto,2023,E2W
uttar_pradesh,akbarpur_ambedkar_nagar,2023,E2W
uttar_pradesh,aligarh_rto,2023,E2W
uttar_pradesh,amethi_arto,2023,E2W
uttar_pradesh,arto_office_rampur,2023,E2W
uttar_pradesh,auraiya,2023,E2W
uttar_pradesh,ayodhya_rto,2023,E2W
uttar_pradesh,azamgarh_rto,2023,E2W
uttar_pradesh,badaun,2023,E2W
uttar_pradesh,baghpat,2023,E2W
uttar_pradesh,bahraich,2023,E2W
uttar_pradesh,ballia,2023,E2W
uttar_pradesh,balrampur,2023,E2W
uttar_pradesh,bandarto,2023,E2W
uttar_pradesh,barabanki_arto,2023,E2W
uttar_pradesh,bareilly,2023,E2W
uttar_pradesh,basti_rto,2023,E2W
uttar_pradesh,bhadohi_sant_ravidas_nagar,2023,E2W
uttar_pradesh,bijnor,2023,E2W
uttar_pradesh,bulandshahar,2023,E2W
uttar_pradesh,chandauli,2023,E2W
uttar_pradesh,chitrakoot,2023,E2W
uttar_pradesh,deoria,2023,E2W
uttar_pradesh,etah,2023,E2W
uttar_pradesh,etawah,2023,E2W
uttar_pradesh,farrukhabad,2023,E2W
uttar_pradesh,fathehpur,2023,E2W
uttar_pradesh,ferozabad,2023,E2W
uttar_pradesh,ghaziabad,2023,E2W
uttar_pradesh,ghazipur,2023,E2W
uttar_pradesh,gonda,2023,E2W
uttar_pradesh,gorakhpur_rto,2023,E2W
uttar_pradesh,hamirpur_up,2023,E2W
uttar_pradesh,hapur,2023,E2W
uttar_pradesh,hardoi,2023,E2W
uttar_pradesh,agra_rto,2023,E2W
uttar_pradesh,akbarpur_ambedkar_nagar,2023,E2W
uttar_pradesh,aligarh_rto,2023,E2W
uttar_pradesh,amethi_arto,2023,E2W
uttar_pradesh,arto_office_rampur,2023,E2W
uttar_pradesh,agra,2023,E2W
uttar_pradesh,akbarpur_ambedkar_nagar,2023,E2W
uttar_pradesh,aligarh,2023,E2W
uttar_pradesh,amethi,2023,E2W
uttar_pradesh,arto_office_rampur,2023,E2W
uttar_pradesh,auraiya,2023,E2W
uttar_pradesh,ayodhya,2023,E2W
uttar_pradesh,azamgarh,2023,E2W
uttar_pradesh,badaun,2023,E2W
uttar_pradesh,baghpat,2023,E2W
uttar_pradesh,bahraich,2023,E2W
uttar_pradesh,ballia,2023,E2W
uttar_pradesh,balrampur,2023,E2W
uttar_pradesh,bandarto,2023,E2W
uttar_pradesh,barabanki_arto,2023,E2W
uttar_pradesh,bareilly,2023,E2W
uttar_pradesh,basti_rto,2023,E2W
uttar_pradesh,bhadohi_sant_ravidas_nagar,2023,E2W
uttar_pradesh,bijnor,2023,E2W
uttar_pradesh,bulandshahar,2023,E2W
uttar_pradesh,chandauli,2023,E2W
uttar_pradesh,chitrakoot,2023,E2W
uttar_pradesh,deoria,2023,E2W
uttar_pradesh,etah,2023,E2W
uttar_pradesh,etawah,2023,E2W
uttar_pradesh,farrukhabad,2023,E2W
uttar_pradesh,fathehpur,2023,E2W
uttar_pradesh,ferozabad,2023,E2W
uttar_pradesh,ghaziabad,2023,E2W
uttar_pradesh,ghazipur,2023,E2W
uttar_pradesh,gonda,2023,E2W
uttar_pradesh,gorakhpur_rto,2023,E2W
uttar_pradesh,hamirpur_up,2023,E2W
uttar_pradesh,hapur,2023,E2W
uttar_pradesh,hardoi,2023,E2W
uttar_pradesh,hathras,2023,E2W
uttar_pradesh,jaunpur,2023,E2W
uttar_pradesh,jhansirto,2023,E2W
uttar_pradesh,jpnagar,2023,E2W
uttar_pradesh,kannauj,2023,E2W
uttar_pradesh,kanpur_dehat,2023,E2W
uttar_pradesh,kanpur_nagar,2023,E2W
uttar_pradesh,kasganj_kashi_ram_nagar,2023,E2W
uttar_pradesh,kaushambi,2023,E2W
uttar_pradesh,lakhimpur_kheri,2023,E2W
uttar_pradesh,lalitpur,2023,E2W
uttar_pradesh,mahanagar_arto_lucknow_up321,2023,E2W
uttar_pradesh,maharajganj,2023,E2W
uttar_pradesh,mahoba,2023,E2W
uttar_pradesh,mainpuri,2023,E2W
uttar_pradesh,mathura,2023,E2W
uttar_pradesh,mau,2023,E2W
uttar_pradesh,meerut_rto,2023,E2W
uttar_pradesh,mirzapur_rto,2023,E2W
uttar_pradesh,moradabad,2023,E2W
uttar_pradesh,m_s_sai_dham_super_srv_soln_pvt_ltd_ghaziabad,2023,E2W
uttar_pradesh,muzaffarnagar,2023,E2W
uttar_pradesh,noida,2023,E2W
uttar_pradesh,orai,2023,E2W
uttar_pradesh,padrauna_kushi_nagar,2023,E2W
uttar_pradesh,pilibhit,2023,E2W
uttar_pradesh,pratapgarh,2023,E2W
uttar_pradesh,prayagraj_rto,2023,E2W
uttar_pradesh,raibareilly,2023,E2W
uttar_pradesh,saharanpur_rto,2023,E2W
uttar_pradesh,sahjahanpur,2023,E2W
uttar_pradesh,sambhal_arto,2023,E2W
uttar_pradesh,sant_kabir_nagar,2023,E2W
uttar_pradesh,shamli_arto,2023,E2W
uttar_pradesh,shravasti,2023,E2W
uttar_pradesh,siddharth_nagar_naugarh,2023,E2W
uttar_pradesh,sitapur,2023,E2W
uttar_pradesh,sonbhadra,2023,E2W
uttar_pradesh,state_transport_authority,2023,E2W
uttar_pradesh,sultanpur,2023,E2W
uttar_pradesh,transport_nagar_rto_lucknow_up32,2023,E2W
uttar_pradesh,unnao,2023,E2W
uttar_pradesh,varanasi_rto,2023,E2W
uttar_pradesh,agra,2023,L3P
uttar_pradesh,akbarpur_ambedkar_nagar,2023,L3P
uttar_pradesh,aligarh,2023,L3P
uttar_pradesh,amethi,2023,L3P
uttar_pradesh,arto_office_rampur,2023,L3P
uttar_pradesh,auraiya,2023,L3P
uttar_pradesh,ayodhya,2023,L3P
uttar_pradesh,azamgarh,2023,L3P
uttar_pradesh,badaun,2023,L3P
uttar_pradesh,baghpat,2023,L3P
uttar_pradesh,bahraich,2023,L3P
uttar_pradesh,ballia,2023,L3P
uttar_pradesh,balrampur,2023,L3P
uttar_pradesh,bandarto,2023,L3P
uttar_pradesh,barabanki_arto,2023,L3P
uttar_pradesh,bareilly,2023,L3P
uttar_pradesh,basti_rto,2023,L3P
uttar_pradesh,bhadohi_sant_ravidas_nagar,2023,L3P
uttar_pradesh,bijnor,2023,L3P
uttar_pradesh,bulandshahar,2023,L3P
uttar_pradesh,chandauli,2023,L3P
uttar_pradesh,chitrakoot,2023,L3P
uttar_pradesh,deoria,2023,L3P
uttar_pradesh,etah,2023,L3P
uttar_pradesh,etawah,2023,L3P
uttar_pradesh,farrukhabad,2023,L3P
uttar_pradesh,fathehpur,2023,L3P
uttar_pradesh,ferozabad,2023,L3P
uttar_pradesh,ghaziabad,2023,L3P
uttar_pradesh,ghazipur,2023,L3P
uttar_pradesh,gonda,2023,L3P
uttar_pradesh,gorakhpur_rto,2023,L3P
uttar_pradesh,hamirpur_up,2023,L3P
uttar_pradesh,hapur,2023,L3P
uttar_pradesh,hardoi,2023,L3P
uttar_pradesh,hathras,2023,L3P
uttar_pradesh,jaunpur,2023,L3P
uttar_pradesh,jhansirto,2023,L3P
uttar_pradesh,jpnagar,2023,L3P
uttar_pradesh,kannauj,2023,L3P
uttar_pradesh,kanpur_dehat,2023,L3P
uttar_pradesh,kanpur_nagar,2023,L3P
uttar_pradesh,kasganj_kashi_ram_nagar,2023,L3P
uttar_pradesh,kaushambi,2023,L3P
uttar_pradesh,lakhimpur_kheri,2023,L3P
uttar_pradesh,lalitpur,2023,L3P
uttar_pradesh,mahanagar_arto_lucknow_up321,2023,L3P
uttar_pradesh,maharajganj,2023,L3P
uttar_pradesh,mahoba,2023,L3P
uttar_pradesh,mainpuri,2023,L3P
uttar_pradesh,mathura,2023,L3P
uttar_pradesh,mau,2023,L3P
uttar_pradesh,meerut_rto,2023,L3P
uttar_pradesh,mirzapur_rto,2023,L3P
uttar_pradesh,moradabad,2023,L3P
uttar_pradesh,m_s_sai_dham_super_srv_soln_pvt_ltd_ghaziabad,2023,L3P
uttar_pradesh,muzaffarnagar,2023,L3P
uttar_pradesh,noida,2023,L3P
uttar_pradesh,orai,2023,L3P
uttar_pradesh,padrauna_kushi_nagar,2023,L3P
uttar_pradesh,pilibhit,2023,L3P
uttar_pradesh,pratapgarh,2023,L3P
uttar_pradesh,prayagraj_rto,2023,L3P
uttar_pradesh,raibareilly,2023,L3P
uttar_pradesh,saharanpur_rto,2023,L3P
uttar_pradesh,sahjahanpur,2023,L3P
uttar_pradesh,sambhal_arto,2023,L3P
uttar_pradesh,sant_kabir_nagar,2023,L3P
uttar_pradesh,shamli_arto,2023,L3P
uttar_pradesh,shravasti,2023,L3P
uttar_pradesh,siddharth_nagar_naugarh,2023,L3P
uttar_pradesh,sitapur,2023,L3P
uttar_pradesh,sonbhadra,2023,L3P
uttar_pradesh,state_transport_authority,2023,L3P
uttar_pradesh,sultanpur,2023,L3P
uttar_pradesh,transport_nagar_rto_lucknow_up32,2023,L3P
uttar_pradesh,unnao,2023,L3P
uttar_pradesh,arto_office_rampur,2023,L3G
uttar_pradesh,bahraich,2023,L3G
uttar_pradesh,ballia,2023,L3G
